{
    "properties": {
        "test": [
            "The key is not defined in the model."
        ],
        "stringField": [
            "This value should not be null."
        ],
        "modelField": [
            "This value should not be null."
        ],
        "collectionField": [
            "This value should not be null."
        ],
        "collectionOfIntegers": [
            "This value should not be null."
        ]
    }
}
