{
    "type": "object",
    "properties": {
        "value": {
            "enum": [
                "created",
                "published",
                "archived"
            ],
            "type": "string",
            "nullable": true
        }
    },
    "nullable": false
}
