openapi: 3.0.0
info:
    title: 'Yaml Template'
    version: 1.0.0
paths:
    /books:
        get:
            tags:
                - books
            summary: 'Books list'
            responses:
                '200':
                    description: 'Response with JSON body'
                    content:
                        application/json:
                            schema:
                                type: array
                                items:
                                    $ref: '#/components/schemas/BookResponseModel'
                                nullable: false
            parameters:
                -
                    name: offset
                    in: query
                    required: false
                    schema:
                        type: integer
                        nullable: true
                -
                    name: limit
                    in: query
                    required: false
                    schema:
                        type: integer
                        nullable: true
                -
                    name: statuses
                    in: query
                    required: false
                    schema:
                        type: array
                        items:
                            type: string
                            nullable: false
                            enum:
                                - created
                                - published
                                - archived
                        nullable: true
                -
                    name: author
                    in: query
                    required: false
                    schema:
                        type: integer
                        nullable: true
                    description: '"Author" fetched by field "id"'
    /writers:
        post:
            tags:
                - writers
            summary: 'Create writer'
            responses:
                '200':
                    description: 'Response with JSON body'
                    content:
                        application/json:
                            schema:
                                $ref: '#/components/schemas/AuthorResponseModel'
            requestBody:
                description: 'Request with JSON body'
                content:
                    application/json:
                        schema:
                            type: object
                            properties:
                                name:
                                    type: string
                                    nullable: false
                                    minLength: 1
                                    maxLength: 255
                                surname:
                                    type: string
                                    nullable: false
                                    minLength: 1
                                    maxLength: 255
                                birthday:
                                    type: string
                                    format: date
                                    nullable: true
                                    example: '2021-04-08'
                                genres:
                                    type: array
                                    items:
                                        type: integer
                                        nullable: false
                                    description: 'Collection of "Genre" fetched by field "id"'
                                    nullable: false
                            nullable: false
                required: true
        get:
            tags:
                - writers
            summary: 'Writers list with filters'
            responses:
                '200':
                    description: 'Response with JSON body'
                    content:
                        application/json:
                            schema:
                                type: array
                                items:
                                    $ref: '#/components/schemas/AuthorResponseModel'
                                nullable: false
            parameters:
                -
                    name: offset
                    in: query
                    required: true
                    schema:
                        type: integer
                        nullable: false
                -
                    name: limit
                    in: query
                    required: true
                    schema:
                        type: integer
                        nullable: false
                -
                    name: name
                    in: query
                    required: false
                    schema:
                        type: string
                        nullable: true
                        minLength: 1
                        maxLength: 255
                -
                    name: surname
                    in: query
                    required: false
                    schema:
                        type: string
                        nullable: true
                        minLength: 1
                        maxLength: 255
                -
                    name: birthday
                    in: query
                    required: false
                    schema:
                        type: string
                        format: date
                        nullable: true
                        example: '2021-04-08'
                -
                    name: genres
                    in: query
                    required: false
                    schema:
                        type: array
                        items:
                            type: integer
                            nullable: false
                        nullable: true
                    description: 'Collection of "Book" fetched by field "id"'
    '/writers/{id}':
        delete:
            tags:
                - writers
            summary: 'Remove writer'
            responses:
                '204':
                    description: 'Response with empty body'
            parameters:
                -
                    name: id
                    in: path
                    description: 'Element by "id"'
                    required: true
                    schema:
                        type: integer
                        nullable: false
components:
    schemas:
        AuthorResponseModel:
            type: object
            properties:
                id:
                    type: integer
                    nullable: false
                name:
                    type: string
                    nullable: false
                surname:
                    type: string
                    nullable: false
                birthday:
                    type: string
                    format: date-time
                    nullable: true
                    example: '2021-04-08T14:44:26+02:00'
                genres:
                    type: array
                    items:
                        $ref: '#/components/schemas/GenreResponseModel'
                    nullable: false
                __typename:
                    type: string
                    default: Author
                    nullable: false
        BookResponseModel:
            type: object
            properties:
                id:
                    type: integer
                    nullable: false
                createdAt:
                    type: string
                    format: date-time
                    nullable: false
                    example: '2021-04-08T14:44:26+02:00'
                title:
                    type: string
                    nullable: false
                author:
                    $ref: '#/components/schemas/AuthorResponseModel'
                genre:
                    anyOf:
                        -
                            $ref: '#/components/schemas/GenreResponseModel'
                    nullable: true
                status:
                    enum:
                        - created
                        - published
                        - archived
                    type: string
                    nullable: false
                releaseDate:
                    type: string
                    format: date
                    nullable: false
                    example: '2021-04-08'
                __typename:
                    type: string
                    default: Book
                    nullable: false
        GenreResponseModel:
            type: object
            properties:
                id:
                    type: integer
                    nullable: false
                __typename:
                    type: string
                    default: Genre
                    nullable: false
tags:
    -
        name: books
        description: Books
    -
        name: writers
        description: Writers
