openapi: 3.1.0
info:
    title: 'OpenApi Specification'
    version: 1.0.0
paths:
    /books:
        get:
            tags:
                - books
            summary: 'Books list'
            responses:
                '200':
                    description: 'Response body'
                    content:
                        application/json:
                            schema:
                                type: array
                                items:
                                    $ref: '#/components/schemas/Book'
                                nullable: false
            parameters:
                -
                    name: offset
                    in: query
                    required: false
                    schema:
                        type: integer
                        format: int64
                        nullable: true
                -
                    name: limit
                    in: query
                    required: false
                    schema:
                        type: integer
                        format: int64
                        nullable: true
                -
                    name: author
                    in: query
                    required: false
                    schema:
                        type: integer
                        format: int64
                        nullable: true
                    description: '"Author" fetched by field "id"'
        post:
            tags:
                - books
            summary: 'Upload book'
            responses:
                '204':
                    description: 'Response with empty body'
            requestBody:
                description: 'Request body'
                content:
                    multipart/form-data:
                        schema:
                            type: object
                            properties:
                                file:
                                    type: string
                                    format: binary
                                    nullable: false
                                title:
                                    type: string
                                    nullable: false
                            nullable: false
                required: true
    /writers:
        post:
            tags:
                - writers
            summary: 'Create writer'
            responses:
                '200':
                    description: 'Response with JSON body'
                    content:
                        application/json:
                            schema:
                                $ref: '#/components/schemas/Author'
            requestBody:
                description: 'Request body'
                content:
                    application/json:
                        schema:
                            type: object
                            properties:
                                name:
                                    type: string
                                    nullable: false
                                    minLength: 1
                                    maxLength: 255
                                surname:
                                    type: string
                                    nullable: false
                                    minLength: 1
                                    maxLength: 255
                                birthday:
                                    type: string
                                    format: date
                                    nullable: true
                                    example: '2021-04-08'
                                genres:
                                    type: array
                                    items:
                                        type: integer
                                        format: int64
                                        nullable: false
                                    description: 'Collection of "Genre" fetched by field "id"'
                                    nullable: false
                            nullable: false
                required: true
        get:
            tags:
                - writers
            summary: 'Writers list with filters'
            responses:
                '200':
                    description: 'Response body'
                    content:
                        application/json:
                            schema:
                                type: array
                                items:
                                    $ref: '#/components/schemas/Author'
                                nullable: false
            parameters:
                -
                    name: offset
                    in: query
                    required: true
                    schema:
                        type: integer
                        format: int64
                        nullable: false
                -
                    name: limit
                    in: query
                    required: true
                    schema:
                        type: integer
                        format: int64
                        nullable: false
                -
                    name: name
                    in: query
                    required: false
                    schema:
                        type: string
                        nullable: true
                        minLength: 1
                        maxLength: 255
                -
                    name: surname
                    in: query
                    required: false
                    schema:
                        type: string
                        nullable: true
                        minLength: 1
                        maxLength: 255
                -
                    name: birthday
                    in: query
                    required: false
                    schema:
                        type: string
                        format: date
                        nullable: true
                        example: '2021-04-08'
                -
                    name: 'genres[]'
                    in: query
                    required: false
                    schema:
                        type: array
                        items:
                            type: integer
                            format: int64
                            nullable: true
                        nullable: true
                        deprecated: true
                    description: 'Collection of "Book" fetched by field "id"'
    '/writers/{id}':
        delete:
            tags:
                - writers
            summary: 'Remove writer'
            responses:
                '204':
                    description: 'Response with empty body'
            deprecated: true
            parameters:
                -
                    name: id
                    in: path
                    description: 'Element by "id"'
                    required: true
                    schema:
                        type: integer
                        format: int64
                        nullable: false
components:
    schemas:
        Author:
            type: object
            properties:
                id:
                    type: integer
                    format: int64
                    nullable: false
                genresCount:
                    type: integer
                    format: int64
                    nullable: false
                    deprecated: true
                __typename:
                    type: string
                    default: Author
                    nullable: false
        Book:
            type: object
            properties:
                id:
                    type: integer
                    format: int64
                    nullable: false
                __typename:
                    type: string
                    default: Book
                    nullable: false
security:
    - {  }
    -
        user_access_token: []
    -
        device_token: []
tags:
    -
        name: books
        description: Books
    -
        name: writers
        description: Writers
