{
    "type": "object",
    "properties": [],
    "nullable": false
}
