{
    "type": "object",
    "properties": {
        "file": {
            "type": "string",
            "format": "binary",
            "nullable": false
        },
        "previewName": {
            "type": "string",
            "nullable": true
        }
    },
    "nullable": false
}
