{
    "type": "object",
    "properties": {
        "book": {
            "type": "string",
            "description": "Element by \"slug\"",
            "nullable": false
        }
    },
    "nullable": false
}
