{
    "type": "object",
    "properties": {
        "books": {
            "type": "array",
            "items": {
                "type": "integer",
                "nullable": false
            },
            "description": "Array of elements by \"id\"",
            "nullable": false
        }
    },
    "nullable": false
}
