{
    "type": "object",
    "properties": {
        "field": {
            "enum": [
                "created",
                "published",
                "archived"
            ],
            "type": "string",
            "nullable": false
        },
        "__typename": {
            "type": "string",
            "default": "TestEnumModel",
            "nullable": false
        }
    }
}
