{
    "openapi": "3.0.0",
    "info": {
        "title": "Json Template",
        "version": "1.0.0"
    },
    "paths": {
        "\/books": {
            "get": {
                "summary": "Books list",
                "responses": {
                    "200": {
                        "description": "Success response with body",
                        "content": {
                            "application\/json": {
                                "schema": {
                                    "type": "array",
                                    "items": {
                                        "$ref": "#\/components\/schemas\/Book"
                                    },
                                    "nullable": false
                                }
                            }
                        }
                    }
                },
                "parameters": [
                    {
                        "name": "offset",
                        "in": "query",
                        "required": false,
                        "schema": {
                            "type": "integer",
                            "nullable": true
                        }
                    },
                    {
                        "name": "limit",
                        "in": "query",
                        "required": false,
                        "schema": {
                            "type": "integer",
                            "nullable": true
                        }
                    },
                    {
                        "name": "statuses",
                        "in": "query",
                        "required": false,
                        "schema": {
                            "type": "array",
                            "items": {
                                "type": "string",
                                "nullable": false,
                                "enum": [
                                    "created",
                                    "published",
                                    "archived"
                                ]
                            },
                            "nullable": true
                        }
                    }
                ],
                "tags": [
                    "books"
                ]
            }
        },
        "\/writers": {
            "post": {
                "summary": "Create writer",
                "responses": {
                    "200": {
                        "description": "Success response with body",
                        "content": {
                            "application\/json": {
                                "schema": {
                                    "$ref": "#\/components\/schemas\/Author"
                                }
                            }
                        }
                    }
                },
                "requestBody": {
                    "description": "Request body",
                    "content": {
                        "application\/json": {
                            "schema": {
                                "type": "object",
                                "properties": {
                                    "name": {
                                        "type": "string",
                                        "nullable": false,
                                        "minLength": 1,
                                        "maxLength": 255
                                    },
                                    "surname": {
                                        "type": "string",
                                        "nullable": false,
                                        "minLength": 1,
                                        "maxLength": 255
                                    },
                                    "birthday": {
                                        "type": "string",
                                        "format": "date",
                                        "nullable": true,
                                        "example": "2021-04-08"
                                    },
                                    "genres": {
                                        "type": "array",
                                        "items": {
                                            "type": "integer",
                                            "nullable": false
                                        },
                                        "description": "Array of elements by \"id\"",
                                        "nullable": false
                                    }
                                },
                                "nullable": false
                            }
                        }
                    },
                    "required": true
                },
                "tags": [
                    "writers"
                ]
            },
            "get": {
                "summary": "Writers list with filters",
                "responses": {
                    "200": {
                        "description": "Success response with body",
                        "content": {
                            "application\/json": {
                                "schema": {
                                    "type": "array",
                                    "items": {
                                        "$ref": "#\/components\/schemas\/Author"
                                    },
                                    "nullable": false
                                }
                            }
                        }
                    }
                },
                "parameters": [
                    {
                        "name": "offset",
                        "in": "query",
                        "required": true,
                        "schema": {
                            "type": "integer",
                            "nullable": false
                        }
                    },
                    {
                        "name": "limit",
                        "in": "query",
                        "required": true,
                        "schema": {
                            "type": "integer",
                            "nullable": false
                        }
                    },
                    {
                        "name": "name",
                        "in": "query",
                        "required": false,
                        "schema": {
                            "type": "string",
                            "nullable": true,
                            "minLength": 1,
                            "maxLength": 255
                        }
                    },
                    {
                        "name": "surname",
                        "in": "query",
                        "required": false,
                        "schema": {
                            "type": "string",
                            "nullable": true,
                            "minLength": 1,
                            "maxLength": 255
                        }
                    },
                    {
                        "name": "birthday",
                        "in": "query",
                        "required": false,
                        "schema": {
                            "type": "string",
                            "format": "date",
                            "nullable": true,
                            "example": "2021-04-08"
                        }
                    },
                    {
                        "name": "genres",
                        "in": "query",
                        "required": false,
                        "schema": {
                            "type": "array",
                            "items": {
                                "type": "integer",
                                "nullable": false
                            },
                            "nullable": true
                        },
                        "description": "Array of elements by \"id\""
                    },
                    {
                        "name": "writer",
                        "in": "query",
                        "required": false,
                        "schema": {
                            "type": "integer",
                            "nullable": true
                        },
                        "description": "Element by \"id\""
                    }
                ],
                "tags": [
                    "writers"
                ]
            }
        },
        "\/writers\/{id}": {
            "delete": {
                "summary": "Remove writer",
                "responses": {
                    "204": {
                        "description": "Success response with empty body"
                    }
                },
                "parameters": [
                    {
                        "name": "id",
                        "in": "path",
                        "required": true,
                        "schema": {
                            "type": "integer",
                            "description": "Element by \"id\"",
                            "nullable": false
                        }
                    }
                ],
                "tags": [
                    "writers"
                ]
            }
        }
    },
    "components": {
        "schemas": {
            "Author": {
                "type": "object",
                "properties": {
                    "id": {
                        "type": "integer",
                        "nullable": false
                    },
                    "name": {
                        "type": "string",
                        "nullable": false
                    },
                    "surname": {
                        "type": "string",
                        "nullable": false
                    },
                    "birthday": {
                        "type": "string",
                        "format": "date-time",
                        "nullable": true,
                        "example": "2021-04-08T14:44:26+02:00"
                    },
                    "genres": {
                        "type": "array",
                        "items": {
                            "$ref": "#\/components\/schemas\/Genre"
                        },
                        "nullable": false
                    },
                    "__typename": {
                        "type": "string",
                        "default": "Author",
                        "nullable": false
                    }
                }
            },
            "Book": {
                "type": "object",
                "properties": {
                    "id": {
                        "type": "integer",
                        "nullable": false
                    },
                    "title": {
                        "type": "string",
                        "nullable": false
                    },
                    "author": {
                        "$ref": "#\/components\/schemas\/Author"
                    },
                    "genre": {
                        "anyOf": [
                            {
                                "$ref": "#\/components\/schemas\/Genre"
                            }
                        ],
                        "nullable": true
                    },
                    "status": {
                        "enum": [
                            "created",
                            "published",
                            "archived"
                        ],
                        "type": "string",
                        "nullable": false
                    },
                    "releaseDate": {
                        "type": "string",
                        "format": "date",
                        "nullable": false,
                        "example": "2021-04-08"
                    },
                    "__typename": {
                        "type": "string",
                        "default": "Book",
                        "nullable": false
                    }
                }
            },
            "Genre": {
                "type": "object",
                "properties": {
                    "id": {
                        "type": "integer",
                        "nullable": false
                    },
                    "__typename": {
                        "type": "string",
                        "default": "Genre",
                        "nullable": false
                    }
                }
            }
        }
    },
    "tags": [
        {
            "name": "books",
            "description": "Books"
        },
        {
            "name": "writers",
            "description": "Writers"
        }
    ]
}
