{
    "properties": {
        "string": {
            "properties": [],
            "class": null,
            "isNullable": true,
            "transformerClass": "RestApiBundle\\Services\\Mapper\\Transformer\\StringTransformer",
            "transformerOptions": [],
            "type": "transformer-aware",
            "valuesType": null,
            "propertySetterName": null
        },
        "int": {
            "properties": [],
            "class": null,
            "isNullable": true,
            "transformerClass": "RestApiBundle\\Services\\Mapper\\Transformer\\IntegerTransformer",
            "transformerOptions": [],
            "type": "transformer-aware",
            "valuesType": null,
            "propertySetterName": null
        },
        "float": {
            "properties": [],
            "class": null,
            "isNullable": true,
            "transformerClass": "RestApiBundle\\Services\\Mapper\\Transformer\\FloatTransformer",
            "transformerOptions": [],
            "type": "transformer-aware",
            "valuesType": null,
            "propertySetterName": null
        },
        "bool": {
            "properties": [],
            "class": null,
            "isNullable": true,
            "transformerClass": "RestApiBundle\\Services\\Mapper\\Transformer\\BooleanTransformer",
            "transformerOptions": [],
            "type": "transformer-aware",
            "valuesType": null,
            "propertySetterName": null
        },
        "dateTime": {
            "properties": [],
            "class": null,
            "isNullable": true,
            "transformerClass": "RestApiBundle\\Services\\Mapper\\Transformer\\DateTimeTransformer",
            "transformerOptions": {
                "format": null
            },
            "type": "transformer-aware",
            "valuesType": null,
            "propertySetterName": null
        },
        "dateTimeWithFormat": {
            "properties": [],
            "class": null,
            "isNullable": true,
            "transformerClass": "RestApiBundle\\Services\\Mapper\\Transformer\\DateTimeTransformer",
            "transformerOptions": {
                "format": "d\/m\/y H:i:s"
            },
            "type": "transformer-aware",
            "valuesType": null,
            "propertySetterName": null
        },
        "nestedModel": {
            "properties": {
                "string": {
                    "properties": [],
                    "class": null,
                    "isNullable": false,
                    "transformerClass": "RestApiBundle\\Services\\Mapper\\Transformer\\StringTransformer",
                    "transformerOptions": [],
                    "type": "transformer-aware",
                    "valuesType": null,
                    "propertySetterName": null
                }
            },
            "class": "Tests\\Fixture\\Mapper\\SchemaResolver\\NestedModel",
            "isNullable": true,
            "transformerClass": null,
            "transformerOptions": [],
            "type": "model",
            "valuesType": null,
            "propertySetterName": null
        },
        "entity": {
            "properties": [],
            "class": null,
            "isNullable": true,
            "transformerClass": "RestApiBundle\\Services\\Mapper\\Transformer\\DoctrineEntityTransformer",
            "transformerOptions": {
                "class": "Tests\\Fixture\\Common\\Entity\\Author",
                "field": "id"
            },
            "type": "transformer-aware",
            "valuesType": null,
            "propertySetterName": null
        },
        "entityByField": {
            "properties": [],
            "class": null,
            "isNullable": true,
            "transformerClass": "RestApiBundle\\Services\\Mapper\\Transformer\\DoctrineEntityTransformer",
            "transformerOptions": {
                "class": "Tests\\Fixture\\Common\\Entity\\Book",
                "field": "slug"
            },
            "type": "transformer-aware",
            "valuesType": null,
            "propertySetterName": null
        },
        "date": {
            "properties": [],
            "class": null,
            "isNullable": true,
            "transformerClass": "RestApiBundle\\Services\\Mapper\\Transformer\\DateTransformer",
            "transformerOptions": {
                "format": null
            },
            "type": "transformer-aware",
            "valuesType": null,
            "propertySetterName": null
        },
        "dateWithFormat": {
            "properties": [],
            "class": null,
            "isNullable": true,
            "transformerClass": "RestApiBundle\\Services\\Mapper\\Transformer\\DateTransformer",
            "transformerOptions": {
                "format": "d\/m\/y"
            },
            "type": "transformer-aware",
            "valuesType": null,
            "propertySetterName": null
        }
    },
    "class": "Tests\\Fixture\\Mapper\\SchemaResolver\\TypesByTypeHint",
    "isNullable": false,
    "transformerClass": null,
    "transformerOptions": [],
    "type": "model",
    "valuesType": null,
    "propertySetterName": null
}
