{
    "required": "2025-05-19T00:00:00+00:00",
    "nullable": null,
    "__typename": "DateTimeType"
}
