{
    "required": "2025-05-19",
    "nullable": null,
    "__typename": "DateType"
}
