{
    "stringRequired": "created",
    "stringNullable": null,
    "__typename": "PhpEnumType"
}
