{
    "stringRequired": "archived",
    "stringNullable": null,
    "__typename": "PolyfillEnumType"
}
