{
    "type": "object",
    "properties": {
        "required": {
            "type": "string",
            "format": "date-time",
            "nullable": false,
            "example": "2021-04-08T14:44:26+02:00"
        },
        "nullable": {
            "type": "string",
            "format": "date-time",
            "nullable": true,
            "example": "2021-04-08T14:44:26+02:00"
        },
        "__typename": {
            "type": "string",
            "default": "DateTimeType",
            "nullable": false
        }
    }
}
