{
    "type": "object",
    "properties": {
        "transformerBasedSingleItem": {
            "enum": [
                "created",
                "published",
                "archived"
            ],
            "type": "string",
            "nullable": true
        },
        "transformerBasedMultipleItem": {
            "type": "array",
            "items": {
                "enum": [
                    "created",
                    "published",
                    "archived"
                ],
                "type": "string",
                "nullable": false
            },
            "nullable": true
        },
        "validatorBasedSingleItem": {
            "type": "string",
            "nullable": true,
            "enum": [
                "created",
                "published",
                "archived"
            ]
        },
        "validatorBasedMultipleItem": {
            "type": "array",
            "items": {
                "type": "string",
                "nullable": false,
                "enum": [
                    "created",
                    "published",
                    "archived"
                ]
            },
            "nullable": true
        }
    },
    "nullable": false
}
